21 correcponds name is world
the number of comparison is 3
